// Jest Snapshot v1, https://goo.gl/fbAQLP

exports[`renders correctly 1`] = `
<View
  style={
    Object {
      "flex": 1,
      "margin": 5,
    }
  }
>
  <View
    style={
      Object {
        "backgroundColor": "#f92",
        "borderColor": "black",
        "borderRadius": 100,
        "flexDirection": "row",
        "height": 120,
        "margin": 5,
      }
    }
  >
    <View
      style={
        Object {
          "alignItems": "center",
          "flex": 1,
          "justifyContent": "center",
        }
      }
    >
      <Image
        source={
          Object {
            "testUri": "../../../src/imgs/horse.png",
          }
        }
        style={
          Object {
            "resizeMode": "contain",
          }
        }
      />
    </View>
    <View
      style={
        Object {
          "flex": 2,
          "justifyContent": "center",
        }
      }
    >
      <Text
        style={
          Object {
            "color": "#FFF",
            "fontSize": 20,
            "fontWeight": "bold",
          }
        }
      >
          bem vindo 
        
         
      </Text>
      <Text
        style={
          Object {
            "color": "#FFF",
            "fontSize": 20,
          }
        }
      >
          funcionario da bikerapp 
      </Text>
    </View>
  </View>
  <View
    style={
      Object {
        "backgroundColor": "#f92",
        "borderColor": "black",
        "borderRadius": 100,
        "flexDirection": "row",
        "height": 120,
        "margin": 5,
      }
    }
  >
    <View
      style={
        Object {
          "alignItems": "center",
          "flex": 1,
          "justifyContent": "center",
        }
      }
    >
      <Text
        style={
          Object {
            "color": "#FFF",
            "fontSize": 20,
          }
        }
      >
          creditos diponiveis: -1 
      </Text>
    </View>
  </View>
  <View
    style={
      Object {
        "alignItems": "center",
        "flex": 1,
        "justifyContent": "space-between",
        "margin": 5,
      }
    }
  >
    <View
      accessible={true}
      focusable={false}
      isTVSelectable={true}
      onClick={[Function]}
      onResponderGrant={[Function]}
      onResponderMove={[Function]}
      onResponderRelease={[Function]}
      onResponderTerminate={[Function]}
      onResponderTerminationRequest={[Function]}
      onStartShouldSetResponder={[Function]}
      style={
        Object {
          "alignSelf": "stretch",
          "backgroundColor": "#f92",
          "borderRadius": 50,
          "fontWeight": "bold",
          "height": 50,
          "justifyContent": "center",
          "marginHorizontal": 50,
          "opacity": 1,
        }
      }
    >
      <Text
        style={
          Object {
            "alignSelf": "stretch",
            "color": "#fff",
            "fontWeight": "bold",
            "paddingHorizontal": 30,
          }
        }
      >
        Meus cupons e descontos
      </Text>
    </View>
    <View
      accessible={true}
      focusable={false}
      isTVSelectable={true}
      onClick={[Function]}
      onResponderGrant={[Function]}
      onResponderMove={[Function]}
      onResponderRelease={[Function]}
      onResponderTerminate={[Function]}
      onResponderTerminationRequest={[Function]}
      onStartShouldSetResponder={[Function]}
      style={
        Object {
          "alignSelf": "stretch",
          "backgroundColor": "#f92",
          "borderRadius": 50,
          "fontWeight": "bold",
          "height": 50,
          "justifyContent": "center",
          "marginHorizontal": 50,
          "opacity": 1,
        }
      }
    >
      <Text
        style={
          Object {
            "alignSelf": "stretch",
            "color": "#fff",
            "fontWeight": "bold",
            "paddingHorizontal": 30,
          }
        }
      >
        Editar Perfil
      </Text>
    </View>
    <View
      accessible={true}
      focusable={false}
      isTVSelectable={true}
      onClick={[Function]}
      onResponderGrant={[Function]}
      onResponderMove={[Function]}
      onResponderRelease={[Function]}
      onResponderTerminate={[Function]}
      onResponderTerminationRequest={[Function]}
      onStartShouldSetResponder={[Function]}
      style={
        Object {
          "alignSelf": "stretch",
          "backgroundColor": "#f92",
          "borderRadius": 50,
          "fontWeight": "bold",
          "height": 50,
          "justifyContent": "center",
          "marginHorizontal": 50,
          "opacity": 1,
        }
      }
    >
      <Text
        style={
          Object {
            "alignSelf": "stretch",
            "color": "#fff",
            "fontWeight": "bold",
            "paddingHorizontal": 30,
          }
        }
      >
        Configurações do Aplicativo
      </Text>
    </View>
    <View
      accessible={true}
      focusable={false}
      isTVSelectable={true}
      onClick={[Function]}
      onResponderGrant={[Function]}
      onResponderMove={[Function]}
      onResponderRelease={[Function]}
      onResponderTerminate={[Function]}
      onResponderTerminationRequest={[Function]}
      onStartShouldSetResponder={[Function]}
      style={
        Object {
          "alignSelf": "stretch",
          "backgroundColor": "#f92",
          "borderRadius": 50,
          "fontWeight": "bold",
          "height": 50,
          "justifyContent": "center",
          "marginHorizontal": 50,
          "opacity": 1,
        }
      }
    >
      <Text
        style={
          Object {
            "alignSelf": "stretch",
            "color": "#fff",
            "fontWeight": "bold",
            "paddingHorizontal": 30,
          }
        }
      >
        Ajuda
      </Text>
    </View>
    <View
      accessible={true}
      focusable={false}
      isTVSelectable={true}
      onClick={[Function]}
      onResponderGrant={[Function]}
      onResponderMove={[Function]}
      onResponderRelease={[Function]}
      onResponderTerminate={[Function]}
      onResponderTerminationRequest={[Function]}
      onStartShouldSetResponder={[Function]}
      style={
        Object {
          "alignSelf": "stretch",
          "backgroundColor": "#f92",
          "borderRadius": 50,
          "fontWeight": "bold",
          "height": 50,
          "justifyContent": "center",
          "marginHorizontal": 50,
          "opacity": 1,
        }
      }
    >
      <Text
        style={
          Object {
            "alignSelf": "stretch",
            "color": "#fff",
            "fontWeight": "bold",
            "paddingHorizontal": 30,
          }
        }
      >
        Feedback
      </Text>
    </View>
    <View
      accessible={true}
      focusable={false}
      isTVSelectable={true}
      onClick={[Function]}
      onResponderGrant={[Function]}
      onResponderMove={[Function]}
      onResponderRelease={[Function]}
      onResponderTerminate={[Function]}
      onResponderTerminationRequest={[Function]}
      onStartShouldSetResponder={[Function]}
      style={
        Object {
          "alignSelf": "stretch",
          "backgroundColor": "#f92",
          "borderRadius": 50,
          "fontWeight": "bold",
          "height": 50,
          "justifyContent": "center",
          "marginHorizontal": 50,
          "opacity": 1,
        }
      }
    >
      <Text
        style={
          Object {
            "alignSelf": "stretch",
            "color": "#fff",
            "fontWeight": "bold",
            "paddingHorizontal": 30,
          }
        }
      >
        Sobre
      </Text>
    </View>
    <View
      accessible={true}
      focusable={true}
      isTVSelectable={true}
      onClick={[Function]}
      onResponderGrant={[Function]}
      onResponderMove={[Function]}
      onResponderRelease={[Function]}
      onResponderTerminate={[Function]}
      onResponderTerminationRequest={[Function]}
      onStartShouldSetResponder={[Function]}
      style={
        Object {
          "alignSelf": "stretch",
          "backgroundColor": "#f92",
          "borderRadius": 50,
          "fontWeight": "bold",
          "height": 50,
          "justifyContent": "center",
          "marginHorizontal": 50,
          "opacity": 1,
        }
      }
    >
      <Text
        style={
          Object {
            "alignSelf": "stretch",
            "color": "#fff",
            "fontWeight": "bold",
            "paddingHorizontal": 30,
          }
        }
      >
        Sair
      </Text>
    </View>
  </View>
</View>
`;
